2026-08-25 12:30:48.242: [INFO] CurrentProfilePath: C:\Daniel\Workspace\Github\Uninassau_Coding_Manha\.metadata\.plugins\org.eclipse.swt\EBWebView\Default
2026-08-25 12:30:48.242: [INFO] Profiles total count: 1
2026-08-25 12:30:48.242: [INFO] Profile: name=Perfil 1 path=C:\Daniel\Workspace\Github\Uninassau_Coding_Manha\.metadata\.plugins\org.eclipse.swt\EBWebView\Default lastActive=null
2026-08-25 12:30:48.242: [INFO] LastUsedProfileDir: C:\Daniel\Workspace\Github\Uninassau_Coding_Manha\.metadata\.plugins\org.eclipse.swt\EBWebView\Default
2026-08-25 12:30:48.243: [INFO] OnDoneLoading sync enabled: 0
2026-08-25 12:30:48.243: [INFO] BookmarkModelLoaded, ids_reassigned: 0
2026-08-25 12:30:48.243: [INFO] BookmarksLoadDropped droppedNodes=0
2026-08-25 12:30:48.243: [INFO] BookmarksSnapshot Startup total=0 bar=0 other=0 mobile=0 showBar=0 showBarNTP=1
2026-08-25 12:31:10.878: [INFO] BookmarksSnapshot Shutdown total=0 bar=0 other=0 mobile=0 showBar=0 showBarNTP=1
2026-08-25 13:09:34.896: [INFO] CurrentProfilePath: C:\Daniel\Workspace\Github\Uninassau_Coding_Manha\.metadata\.plugins\org.eclipse.swt\EBWebView\Default
2026-08-25 13:09:34.896: [INFO] Profiles total count: 1
2026-08-25 13:09:34.901: [INFO] Profile: name=Perfil 1 path=C:\Daniel\Workspace\Github\Uninassau_Coding_Manha\.metadata\.plugins\org.eclipse.swt\EBWebView\Default lastActive=2026-08-25T12:30:50.234Z
2026-08-25 13:09:34.901: [INFO] LastUsedProfileDir: C:\Daniel\Workspace\Github\Uninassau_Coding_Manha\.metadata\.plugins\org.eclipse.swt\EBWebView\Default
2026-08-25 13:09:34.901: [INFO] MostRecentlyActiveProfile: name=Perfil 1 path=C:\Daniel\Workspace\Github\Uninassau_Coding_Manha\.metadata\.plugins\org.eclipse.swt\EBWebView\Default lastActive=2026-08-25T12:30:50.234Z
2026-08-25 13:09:34.901: [INFO] OnDoneLoading sync enabled: 0
2026-08-25 13:09:34.901: [INFO] BookmarkModelLoaded, ids_reassigned: 0
2026-08-25 13:09:34.901: [INFO] BookmarksLoadDropped droppedNodes=0
2026-08-25 13:09:34.901: [INFO] BookmarksSnapshot Startup total=0 bar=0 other=0 mobile=0 showBar=0 showBarNTP=1
2026-08-25 13:09:44.609: [INFO] BookmarksSnapshot Shutdown total=0 bar=0 other=0 mobile=0 showBar=0 showBarNTP=1
2026-08-25 13:11:09.881: [INFO] CurrentProfilePath: C:\Daniel\Workspace\Github\Uninassau_Coding_Manha\.metadata\.plugins\org.eclipse.swt\EBWebView\Default
2026-08-25 13:11:09.881: [INFO] Profiles total count: 1
2026-08-25 13:11:09.882: [INFO] Profile: name=Perfil 1 path=C:\Daniel\Workspace\Github\Uninassau_Coding_Manha\.metadata\.plugins\org.eclipse.swt\EBWebView\Default lastActive=2026-08-25T12:30:50.234Z
2026-08-25 13:11:09.882: [INFO] LastUsedProfileDir: C:\Daniel\Workspace\Github\Uninassau_Coding_Manha\.metadata\.plugins\org.eclipse.swt\EBWebView\Default
2026-08-25 13:11:09.882: [INFO] MostRecentlyActiveProfile: name=Perfil 1 path=C:\Daniel\Workspace\Github\Uninassau_Coding_Manha\.metadata\.plugins\org.eclipse.swt\EBWebView\Default lastActive=2026-08-25T12:30:50.234Z
2026-08-25 13:11:09.882: [INFO] OnDoneLoading sync enabled: 0
2026-08-25 13:11:09.882: [INFO] BookmarkModelLoaded, ids_reassigned: 0
2026-08-25 13:11:09.882: [INFO] BookmarksLoadDropped droppedNodes=0
2026-08-25 13:11:09.882: [INFO] BookmarksSnapshot Startup total=0 bar=0 other=0 mobile=0 showBar=0 showBarNTP=1
2026-08-25 14:26:22.337: [INFO] BookmarksSnapshot Shutdown total=0 bar=0 other=0 mobile=0 showBar=0 showBarNTP=1
2026-09-01 11:53:21.380: [INFO] CurrentProfilePath: C:\Daniel\Workspace\Github\Uninassau_Coding_Manha\.metadata\.plugins\org.eclipse.swt\EBWebView\Default
2026-09-01 11:53:21.380: [INFO] Profiles total count: 1
2026-09-01 11:53:21.389: [INFO] Profile: name=Perfil 1 path=C:\Daniel\Workspace\Github\Uninassau_Coding_Manha\.metadata\.plugins\org.eclipse.swt\EBWebView\Default lastActive=2026-08-25T12:30:50.234Z
2026-09-01 11:53:21.389: [INFO] LastUsedProfileDir: C:\Daniel\Workspace\Github\Uninassau_Coding_Manha\.metadata\.plugins\org.eclipse.swt\EBWebView\Default
2026-09-01 11:53:21.389: [INFO] MostRecentlyActiveProfile: name=Perfil 1 path=C:\Daniel\Workspace\Github\Uninassau_Coding_Manha\.metadata\.plugins\org.eclipse.swt\EBWebView\Default lastActive=2026-08-25T12:30:50.234Z
2026-09-01 11:53:21.389: [INFO] OnDoneLoading sync enabled: 0
2026-09-01 11:53:21.389: [INFO] BookmarkModelLoaded, ids_reassigned: 0
2026-09-01 11:53:21.389: [INFO] BookmarksLoadDropped droppedNodes=0
2026-09-01 11:53:21.389: [INFO] BookmarksSnapshot Startup total=0 bar=0 other=0 mobile=0 showBar=0 showBarNTP=1
2026-09-01 11:54:56.725: [INFO] BookmarksSnapshot Shutdown total=0 bar=0 other=0 mobile=0 showBar=0 showBarNTP=1
2026-09-01 12:57:54.187: [INFO] CurrentProfilePath: C:\Daniel\Workspace\Github\Uninassau_Coding_Manha\.metadata\.plugins\org.eclipse.swt\EBWebView\Default
2026-09-01 12:57:54.187: [INFO] Profiles total count: 1
2026-09-01 12:57:54.233: [INFO] Profile: name=Perfil 1 path=C:\Daniel\Workspace\Github\Uninassau_Coding_Manha\.metadata\.plugins\org.eclipse.swt\EBWebView\Default lastActive=2026-08-25T12:30:50.234Z
2026-09-01 12:57:54.233: [INFO] LastUsedProfileDir: C:\Daniel\Workspace\Github\Uninassau_Coding_Manha\.metadata\.plugins\org.eclipse.swt\EBWebView\Default
2026-09-01 12:57:54.233: [INFO] MostRecentlyActiveProfile: name=Perfil 1 path=C:\Daniel\Workspace\Github\Uninassau_Coding_Manha\.metadata\.plugins\org.eclipse.swt\EBWebView\Default lastActive=2026-08-25T12:30:50.234Z
2026-09-01 12:57:54.233: [INFO] OnDoneLoading sync enabled: 0
2026-09-01 12:57:54.233: [INFO] BookmarkModelLoaded, ids_reassigned: 0
2026-09-01 12:57:54.233: [INFO] BookmarksLoadDropped droppedNodes=0
2026-09-01 12:57:54.233: [INFO] BookmarksSnapshot Startup total=0 bar=0 other=0 mobile=0 showBar=0 showBarNTP=1
2026-09-01 13:41:42.135: [INFO] BookmarksSnapshot Shutdown total=0 bar=0 other=0 mobile=0 showBar=0 showBarNTP=1
2026-09-08 13:38:41.654: [INFO] CurrentProfilePath: C:\Daniel\Workspace\Github\Uninassau_Coding_Manha\.metadata\.plugins\org.eclipse.swt\EBWebView\Default
2026-09-08 13:38:41.654: [INFO] Profiles total count: 1
2026-09-08 13:38:41.654: [INFO] Profile: name=Perfil 1 path=C:\Daniel\Workspace\Github\Uninassau_Coding_Manha\.metadata\.plugins\org.eclipse.swt\EBWebView\Default lastActive=2026-08-25T12:30:50.234Z
2026-09-08 13:38:41.654: [INFO] LastUsedProfileDir: C:\Daniel\Workspace\Github\Uninassau_Coding_Manha\.metadata\.plugins\org.eclipse.swt\EBWebView\Default
2026-09-08 13:38:41.654: [INFO] MostRecentlyActiveProfile: name=Perfil 1 path=C:\Daniel\Workspace\Github\Uninassau_Coding_Manha\.metadata\.plugins\org.eclipse.swt\EBWebView\Default lastActive=2026-08-25T12:30:50.234Z
2026-09-08 13:38:41.654: [INFO] OnDoneLoading sync enabled: 0
2026-09-08 13:38:41.654: [INFO] BookmarkModelLoaded, ids_reassigned: 0
2026-09-08 13:38:41.654: [INFO] BookmarksLoadDropped droppedNodes=0
2026-09-08 13:38:41.654: [INFO] BookmarksSnapshot Startup total=0 bar=0 other=0 mobile=0 showBar=0 showBarNTP=1
2026-09-08 13:59:19.086: [INFO] BookmarksSnapshot Shutdown total=0 bar=0 other=0 mobile=0 showBar=0 showBarNTP=1
2026-09-15 11:28:26.903: [INFO] CurrentProfilePath: C:\Daniel\Workspace\Github\Uninassau_Coding_Manha\.metadata\.plugins\org.eclipse.swt\EBWebView\Default
2026-09-15 11:28:26.903: [INFO] Profiles total count: 1
2026-09-15 11:28:26.904: [INFO] Profile: name=Perfil 1 path=C:\Daniel\Workspace\Github\Uninassau_Coding_Manha\.metadata\.plugins\org.eclipse.swt\EBWebView\Default lastActive=2026-08-25T12:30:50.234Z
2026-09-15 11:28:26.904: [INFO] LastUsedProfileDir: C:\Daniel\Workspace\Github\Uninassau_Coding_Manha\.metadata\.plugins\org.eclipse.swt\EBWebView\Default
2026-09-15 11:28:26.904: [INFO] MostRecentlyActiveProfile: name=Perfil 1 path=C:\Daniel\Workspace\Github\Uninassau_Coding_Manha\.metadata\.plugins\org.eclipse.swt\EBWebView\Default lastActive=2026-08-25T12:30:50.234Z
2026-09-15 11:28:26.905: [INFO] OnDoneLoading sync enabled: 0
2026-09-15 11:28:26.905: [INFO] BookmarkModelLoaded, ids_reassigned: 0
2026-09-15 11:28:26.905: [INFO] BookmarksLoadDropped droppedNodes=0
2026-09-15 11:28:26.905: [INFO] BookmarksSnapshot Startup total=0 bar=0 other=0 mobile=0 showBar=0 showBarNTP=1
2026-09-15 11:42:10.729: [INFO] BookmarksSnapshot Shutdown total=0 bar=0 other=0 mobile=0 showBar=0 showBarNTP=1
2026-09-15 11:53:06.804: [INFO] CurrentProfilePath: C:\Daniel\Workspace\Github\Uninassau_Coding_Manha\.metadata\.plugins\org.eclipse.swt\EBWebView\Default
2026-09-15 11:53:06.804: [INFO] Profiles total count: 1
2026-09-15 11:53:06.805: [INFO] Profile: name=Perfil 1 path=C:\Daniel\Workspace\Github\Uninassau_Coding_Manha\.metadata\.plugins\org.eclipse.swt\EBWebView\Default lastActive=2026-08-25T12:30:50.234Z
2026-09-15 11:53:06.805: [INFO] LastUsedProfileDir: C:\Daniel\Workspace\Github\Uninassau_Coding_Manha\.metadata\.plugins\org.eclipse.swt\EBWebView\Default
2026-09-15 11:53:06.805: [INFO] MostRecentlyActiveProfile: name=Perfil 1 path=C:\Daniel\Workspace\Github\Uninassau_Coding_Manha\.metadata\.plugins\org.eclipse.swt\EBWebView\Default lastActive=2026-08-25T12:30:50.234Z
2026-09-15 11:53:06.805: [INFO] OnDoneLoading sync enabled: 0
2026-09-15 11:53:06.805: [INFO] BookmarkModelLoaded, ids_reassigned: 0
2026-09-15 11:53:06.805: [INFO] BookmarksLoadDropped droppedNodes=0
2026-09-15 11:53:06.805: [INFO] BookmarksSnapshot Startup total=0 bar=0 other=0 mobile=0 showBar=0 showBarNTP=1
2026-09-15 11:53:44.594: [INFO] BookmarksSnapshot Shutdown total=0 bar=0 other=0 mobile=0 showBar=0 showBarNTP=1
2026-09-15 12:06:18.558: [INFO] CurrentProfilePath: C:\Daniel\Workspace\Github\Uninassau_Coding_Manha\.metadata\.plugins\org.eclipse.swt\EBWebView\Default
2026-09-15 12:06:18.558: [INFO] Profiles total count: 1
2026-09-15 12:06:18.558: [INFO] Profile: name=Perfil 1 path=C:\Daniel\Workspace\Github\Uninassau_Coding_Manha\.metadata\.plugins\org.eclipse.swt\EBWebView\Default lastActive=2026-08-25T12:30:50.234Z
2026-09-15 12:06:18.558: [INFO] LastUsedProfileDir: C:\Daniel\Workspace\Github\Uninassau_Coding_Manha\.metadata\.plugins\org.eclipse.swt\EBWebView\Default
2026-09-15 12:06:18.558: [INFO] MostRecentlyActiveProfile: name=Perfil 1 path=C:\Daniel\Workspace\Github\Uninassau_Coding_Manha\.metadata\.plugins\org.eclipse.swt\EBWebView\Default lastActive=2026-08-25T12:30:50.234Z
2026-09-15 12:06:18.558: [INFO] OnDoneLoading sync enabled: 0
2026-09-15 12:06:18.558: [INFO] BookmarkModelLoaded, ids_reassigned: 0
2026-09-15 12:06:18.558: [INFO] BookmarksLoadDropped droppedNodes=0
2026-09-15 12:06:18.558: [INFO] BookmarksSnapshot Startup total=0 bar=0 other=0 mobile=0 showBar=0 showBarNTP=1
2026-09-15 12:10:27.382: [INFO] BookmarksSnapshot Shutdown total=0 bar=0 other=0 mobile=0 showBar=0 showBarNTP=1
2026-09-15 12:11:20.376: [INFO] CurrentProfilePath: C:\Daniel\Workspace\Github\Uninassau_Coding_Manha\.metadata\.plugins\org.eclipse.swt\EBWebView\Default
2026-09-15 12:11:20.376: [INFO] Profiles total count: 1
2026-09-15 12:11:20.376: [INFO] Profile: name=Perfil 1 path=C:\Daniel\Workspace\Github\Uninassau_Coding_Manha\.metadata\.plugins\org.eclipse.swt\EBWebView\Default lastActive=2026-08-25T12:30:50.234Z
2026-09-15 12:11:20.376: [INFO] LastUsedProfileDir: C:\Daniel\Workspace\Github\Uninassau_Coding_Manha\.metadata\.plugins\org.eclipse.swt\EBWebView\Default
2026-09-15 12:11:20.376: [INFO] MostRecentlyActiveProfile: name=Perfil 1 path=C:\Daniel\Workspace\Github\Uninassau_Coding_Manha\.metadata\.plugins\org.eclipse.swt\EBWebView\Default lastActive=2026-08-25T12:30:50.234Z
2026-09-15 12:11:20.376: [INFO] OnDoneLoading sync enabled: 0
2026-09-15 12:11:20.376: [INFO] BookmarkModelLoaded, ids_reassigned: 0
2026-09-15 12:11:20.376: [INFO] BookmarksLoadDropped droppedNodes=0
2026-09-15 12:11:20.376: [INFO] BookmarksSnapshot Startup total=0 bar=0 other=0 mobile=0 showBar=0 showBarNTP=1
2026-09-15 12:12:23.995: [INFO] BookmarksSnapshot Shutdown total=0 bar=0 other=0 mobile=0 showBar=0 showBarNTP=1
2026-09-15 12:12:36.486: [INFO] CurrentProfilePath: C:\Daniel\Workspace\Github\Uninassau_Coding_Manha\.metadata\.plugins\org.eclipse.swt\EBWebView\Default
2026-09-15 12:12:36.486: [INFO] Profiles total count: 1
2026-09-15 12:12:36.486: [INFO] Profile: name=Perfil 1 path=C:\Daniel\Workspace\Github\Uninassau_Coding_Manha\.metadata\.plugins\org.eclipse.swt\EBWebView\Default lastActive=2026-08-25T12:30:50.234Z
2026-09-15 12:12:36.486: [INFO] LastUsedProfileDir: C:\Daniel\Workspace\Github\Uninassau_Coding_Manha\.metadata\.plugins\org.eclipse.swt\EBWebView\Default
2026-09-15 12:12:36.486: [INFO] MostRecentlyActiveProfile: name=Perfil 1 path=C:\Daniel\Workspace\Github\Uninassau_Coding_Manha\.metadata\.plugins\org.eclipse.swt\EBWebView\Default lastActive=2026-08-25T12:30:50.234Z
2026-09-15 12:12:36.487: [INFO] OnDoneLoading sync enabled: 0
2026-09-15 12:12:36.487: [INFO] BookmarkModelLoaded, ids_reassigned: 0
2026-09-15 12:12:36.487: [INFO] BookmarksLoadDropped droppedNodes=0
2026-09-15 12:12:36.487: [INFO] BookmarksSnapshot Startup total=0 bar=0 other=0 mobile=0 showBar=0 showBarNTP=1
2026-09-15 12:14:56.826: [INFO] BookmarksSnapshot Shutdown total=0 bar=0 other=0 mobile=0 showBar=0 showBarNTP=1
2026-09-15 12:34:59.707: [INFO] CurrentProfilePath: C:\Daniel\Workspace\Github\Uninassau_Coding_Manha\.metadata\.plugins\org.eclipse.swt\EBWebView\Default
2026-09-15 12:34:59.707: [INFO] Profiles total count: 1
2026-09-15 12:34:59.707: [INFO] Profile: name=Perfil 1 path=C:\Daniel\Workspace\Github\Uninassau_Coding_Manha\.metadata\.plugins\org.eclipse.swt\EBWebView\Default lastActive=2026-08-25T12:30:50.234Z
2026-09-15 12:34:59.707: [INFO] LastUsedProfileDir: C:\Daniel\Workspace\Github\Uninassau_Coding_Manha\.metadata\.plugins\org.eclipse.swt\EBWebView\Default
2026-09-15 12:34:59.707: [INFO] MostRecentlyActiveProfile: name=Perfil 1 path=C:\Daniel\Workspace\Github\Uninassau_Coding_Manha\.metadata\.plugins\org.eclipse.swt\EBWebView\Default lastActive=2026-08-25T12:30:50.234Z
2026-09-15 12:34:59.707: [INFO] OnDoneLoading sync enabled: 0
2026-09-15 12:34:59.707: [INFO] BookmarkModelLoaded, ids_reassigned: 0
2026-09-15 12:34:59.707: [INFO] BookmarksLoadDropped droppedNodes=0
2026-09-15 12:34:59.707: [INFO] BookmarksSnapshot Startup total=0 bar=0 other=0 mobile=0 showBar=0 showBarNTP=1
2026-09-15 12:46:21.026: [INFO] BookmarksSnapshot Shutdown total=0 bar=0 other=0 mobile=0 showBar=0 showBarNTP=1
2026-09-15 12:50:33.784: [INFO] CurrentProfilePath: C:\Daniel\Workspace\Github\Uninassau_Coding_Manha\.metadata\.plugins\org.eclipse.swt\EBWebView\Default
2026-09-15 12:50:33.784: [INFO] Profiles total count: 1
2026-09-15 12:50:33.784: [INFO] Profile: name=Perfil 1 path=C:\Daniel\Workspace\Github\Uninassau_Coding_Manha\.metadata\.plugins\org.eclipse.swt\EBWebView\Default lastActive=2026-08-25T12:30:50.234Z
2026-09-15 12:50:33.784: [INFO] LastUsedProfileDir: C:\Daniel\Workspace\Github\Uninassau_Coding_Manha\.metadata\.plugins\org.eclipse.swt\EBWebView\Default
2026-09-15 12:50:33.784: [INFO] MostRecentlyActiveProfile: name=Perfil 1 path=C:\Daniel\Workspace\Github\Uninassau_Coding_Manha\.metadata\.plugins\org.eclipse.swt\EBWebView\Default lastActive=2026-08-25T12:30:50.234Z
2026-09-15 12:50:33.784: [INFO] OnDoneLoading sync enabled: 0
2026-09-15 12:50:33.784: [INFO] BookmarkModelLoaded, ids_reassigned: 0
2026-09-15 12:50:33.784: [INFO] BookmarksLoadDropped droppedNodes=0
2026-09-15 12:50:33.784: [INFO] BookmarksSnapshot Startup total=0 bar=0 other=0 mobile=0 showBar=0 showBarNTP=1
2026-09-15 14:14:15.482: [INFO] BookmarksSnapshot Shutdown total=0 bar=0 other=0 mobile=0 showBar=0 showBarNTP=1
2026-09-22 12:06:17.316: [INFO] CurrentProfilePath: C:\Daniel\Workspace\Github\Uninassau_Coding_Manha\.metadata\.plugins\org.eclipse.swt\EBWebView\Default
2026-09-22 12:06:17.316: [INFO] Profiles total count: 1
2026-09-22 12:06:17.317: [INFO] Profile: name=Perfil 1 path=C:\Daniel\Workspace\Github\Uninassau_Coding_Manha\.metadata\.plugins\org.eclipse.swt\EBWebView\Default lastActive=2026-08-25T12:30:50.234Z
2026-09-22 12:06:17.317: [INFO] LastUsedProfileDir: C:\Daniel\Workspace\Github\Uninassau_Coding_Manha\.metadata\.plugins\org.eclipse.swt\EBWebView\Default
2026-09-22 12:06:17.317: [INFO] MostRecentlyActiveProfile: name=Perfil 1 path=C:\Daniel\Workspace\Github\Uninassau_Coding_Manha\.metadata\.plugins\org.eclipse.swt\EBWebView\Default lastActive=2026-08-25T12:30:50.234Z
2026-09-22 12:06:17.317: [INFO] OnDoneLoading sync enabled: 0
2026-09-22 12:06:17.317: [INFO] BookmarkModelLoaded, ids_reassigned: 0
2026-09-22 12:06:17.317: [INFO] BookmarksLoadDropped droppedNodes=0
2026-09-22 12:06:17.317: [INFO] BookmarksSnapshot Startup total=0 bar=0 other=0 mobile=0 showBar=0 showBarNTP=1
2026-09-22 12:14:21.440: [INFO] BookmarksSnapshot Shutdown total=0 bar=0 other=0 mobile=0 showBar=0 showBarNTP=1
2026-09-22 12:14:48.750: [INFO] CurrentProfilePath: C:\Daniel\Workspace\Github\Uninassau_Coding_Manha\.metadata\.plugins\org.eclipse.swt\EBWebView\Default
2026-09-22 12:14:48.750: [INFO] Profiles total count: 1
2026-09-22 12:14:48.751: [INFO] Profile: name=Perfil 1 path=C:\Daniel\Workspace\Github\Uninassau_Coding_Manha\.metadata\.plugins\org.eclipse.swt\EBWebView\Default lastActive=2026-08-25T12:30:50.234Z
2026-09-22 12:14:48.751: [INFO] LastUsedProfileDir: C:\Daniel\Workspace\Github\Uninassau_Coding_Manha\.metadata\.plugins\org.eclipse.swt\EBWebView\Default
2026-09-22 12:14:48.751: [INFO] MostRecentlyActiveProfile: name=Perfil 1 path=C:\Daniel\Workspace\Github\Uninassau_Coding_Manha\.metadata\.plugins\org.eclipse.swt\EBWebView\Default lastActive=2026-08-25T12:30:50.234Z
2026-09-22 12:14:48.751: [INFO] OnDoneLoading sync enabled: 0
2026-09-22 12:14:48.751: [INFO] BookmarkModelLoaded, ids_reassigned: 0
2026-09-22 12:14:48.751: [INFO] BookmarksLoadDropped droppedNodes=0
2026-09-22 12:14:48.751: [INFO] BookmarksSnapshot Startup total=0 bar=0 other=0 mobile=0 showBar=0 showBarNTP=1
2026-09-22 12:28:51.732: [INFO] BookmarksSnapshot Shutdown total=0 bar=0 other=0 mobile=0 showBar=0 showBarNTP=1
2026-09-22 12:31:48.322: [INFO] CurrentProfilePath: C:\Daniel\Workspace\Github\Uninassau_Coding_Manha\.metadata\.plugins\org.eclipse.swt\EBWebView\Default
2026-09-22 12:31:48.322: [INFO] Profiles total count: 1
2026-09-22 12:31:48.324: [INFO] Profile: name=Perfil 1 path=C:\Daniel\Workspace\Github\Uninassau_Coding_Manha\.metadata\.plugins\org.eclipse.swt\EBWebView\Default lastActive=2026-08-25T12:30:50.234Z
2026-09-22 12:31:48.324: [INFO] LastUsedProfileDir: C:\Daniel\Workspace\Github\Uninassau_Coding_Manha\.metadata\.plugins\org.eclipse.swt\EBWebView\Default
2026-09-22 12:31:48.324: [INFO] MostRecentlyActiveProfile: name=Perfil 1 path=C:\Daniel\Workspace\Github\Uninassau_Coding_Manha\.metadata\.plugins\org.eclipse.swt\EBWebView\Default lastActive=2026-08-25T12:30:50.234Z
2026-09-22 12:31:48.324: [INFO] OnDoneLoading sync enabled: 0
2026-09-22 12:31:48.324: [INFO] BookmarkModelLoaded, ids_reassigned: 0
2026-09-22 12:31:48.324: [INFO] BookmarksLoadDropped droppedNodes=0
2026-09-22 12:31:48.324: [INFO] BookmarksSnapshot Startup total=0 bar=0 other=0 mobile=0 showBar=0 showBarNTP=1
2026-09-22 12:32:49.070: [INFO] BookmarksSnapshot Shutdown total=0 bar=0 other=0 mobile=0 showBar=0 showBarNTP=1
2026-09-22 13:05:01.242: [INFO] CurrentProfilePath: C:\Daniel\Workspace\Github\Uninassau_Coding_Manha\.metadata\.plugins\org.eclipse.swt\EBWebView\Default
2026-09-22 13:05:01.242: [INFO] Profiles total count: 1
2026-09-22 13:05:01.243: [INFO] Profile: name=Perfil 1 path=C:\Daniel\Workspace\Github\Uninassau_Coding_Manha\.metadata\.plugins\org.eclipse.swt\EBWebView\Default lastActive=2026-08-25T12:30:50.234Z
2026-09-22 13:05:01.243: [INFO] LastUsedProfileDir: C:\Daniel\Workspace\Github\Uninassau_Coding_Manha\.metadata\.plugins\org.eclipse.swt\EBWebView\Default
2026-09-22 13:05:01.243: [INFO] MostRecentlyActiveProfile: name=Perfil 1 path=C:\Daniel\Workspace\Github\Uninassau_Coding_Manha\.metadata\.plugins\org.eclipse.swt\EBWebView\Default lastActive=2026-08-25T12:30:50.234Z
2026-09-22 13:05:01.243: [INFO] OnDoneLoading sync enabled: 0
2026-09-22 13:05:01.243: [INFO] BookmarkModelLoaded, ids_reassigned: 0
2026-09-22 13:05:01.243: [INFO] BookmarksLoadDropped droppedNodes=0
2026-09-22 13:05:01.243: [INFO] BookmarksSnapshot Startup total=0 bar=0 other=0 mobile=0 showBar=0 showBarNTP=1
